// Jest Snapshot v1, https://goo.gl/fbAQLP

exports[`Profile Image List snapshot test 1`] = `
<View
  style={
    Object {
      "backgroundColor": "white",
      "flex": 1,
    }
  }
>
  <View
    style={
      Object {
        "alignItems": "center",
        "flexDirection": "row",
        "justifyContent": "center",
      }
    }
  >
    <View
      accessibilityRole="button"
      accessibilityStates={Array []}
      accessible={true}
      focusable={true}
      hitSlop={
        Object {
          "bottom": 6,
          "left": 6,
          "right": 6,
          "top": 6,
        }
      }
      isTVSelectable={true}
      onClick={[Function]}
      onResponderGrant={[Function]}
      onResponderMove={[Function]}
      onResponderRelease={[Function]}
      onResponderTerminate={[Function]}
      onResponderTerminationRequest={[Function]}
      onStartShouldSetResponder={[Function]}
      style={
        Array [
          Object {
            "overflow": "hidden",
          },
          Array [
            Object {
              "alignItems": "center",
              "justifyContent": "center",
              "margin": 6,
              "overflow": "hidden",
            },
            Object {
              "borderRadius": 18,
              "height": 36,
              "width": 36,
            },
            undefined,
            Object {
              "backgroundColor": "white",
            },
          ],
        ]
      }
    >
      <View
        style={null}
      >
        <Text
          accessibilityElementsHidden={true}
          allowFontScaling={false}
          importantForAccessibility="no-hide-descendants"
          pointerEvents="none"
          style={
            Array [
              Object {
                "color": "#000000",
                "fontSize": 24,
              },
              Array [
                Object {
                  "transform": Array [
                    Object {
                      "scaleX": 1,
                    },
                  ],
                },
                Object {
                  "backgroundColor": "transparent",
                },
              ],
              Object {
                "fontFamily": "Material Design Icons",
                "fontStyle": "normal",
                "fontWeight": "normal",
              },
              Object {},
            ]
          }
        >
          
        </Text>
      </View>
    </View>
    <View
      accessibilityRole="button"
      accessibilityStates={Array []}
      accessible={true}
      focusable={true}
      hitSlop={
        Object {
          "bottom": 6,
          "left": 6,
          "right": 6,
          "top": 6,
        }
      }
      isTVSelectable={true}
      onClick={[Function]}
      onResponderGrant={[Function]}
      onResponderMove={[Function]}
      onResponderRelease={[Function]}
      onResponderTerminate={[Function]}
      onResponderTerminationRequest={[Function]}
      onStartShouldSetResponder={[Function]}
      style={
        Array [
          Object {
            "overflow": "hidden",
          },
          Array [
            Object {
              "alignItems": "center",
              "justifyContent": "center",
              "margin": 6,
              "overflow": "hidden",
            },
            Object {
              "borderRadius": 18,
              "height": 36,
              "width": 36,
            },
            undefined,
            Object {
              "backgroundColor": "white",
            },
          ],
        ]
      }
    >
      <View
        style={null}
      >
        <Text
          accessibilityElementsHidden={true}
          allowFontScaling={false}
          importantForAccessibility="no-hide-descendants"
          pointerEvents="none"
          style={
            Array [
              Object {
                "color": "#000000",
                "fontSize": 24,
              },
              Array [
                Object {
                  "transform": Array [
                    Object {
                      "scaleX": 1,
                    },
                  ],
                },
                Object {
                  "backgroundColor": "transparent",
                },
              ],
              Object {
                "fontFamily": "Material Design Icons",
                "fontStyle": "normal",
                "fontWeight": "normal",
              },
              Object {},
            ]
          }
        >
          
        </Text>
      </View>
    </View>
  </View>
  <RCTScrollView
    data={
      Array [
        Object {
          "bookmarkers": Object {
            "dennyliang": true,
          },
          "caption": "Quarantine selfie #corona",
          "comments": Array [
            Object {
              "comment": "Slay girllll!!!",
              "userImage": "https://images.unsplash.com/photo-1534528741775-53994a69daeb?ixlib=rb-1.2.1&ixid=eyJhcHBfaWQiOjEyMDd9&w=1000&q=80",
              "userName": "Model1234",
            },
          ],
          "commentsLength": 1,
          "date_posted": "10-10-2019",
          "img": "https://www.familyandmedia.eu/wp-content/uploads/2018/10/529382-4386816-selfie-psicologia-725x545.jpg",
          "isBookmarked": false,
          "isLiked": false,
          "likers": Object {
            "dennyliang": true,
          },
          "likes": 2,
          "post_id": 1,
          "saves": 0,
          "username": "bujarsefa",
        },
        Object {
          "bookmarkers": Object {
            "dennyliang": true,
          },
          "caption": "Quarantine selfie #corona",
          "comments": Array [
            Object {
              "comment": "Slay girllll!!!",
              "userImage": "https://images.unsplash.com/photo-1534528741775-53994a69daeb?ixlib=rb-1.2.1&ixid=eyJhcHBfaWQiOjEyMDd9&w=1000&q=80",
              "userName": "Model1234",
            },
          ],
          "commentsLength": 1,
          "date_posted": "10-10-2019",
          "img": "https://www.familyandmedia.eu/wp-content/uploads/2018/10/529382-4386816-selfie-psicologia-725x545.jpg",
          "isBookmarked": false,
          "isLiked": false,
          "likers": Object {
            "dennyliang": true,
          },
          "likes": 2,
          "post_id": 2,
          "saves": 0,
          "username": "bujarsefa",
        },
        Object {
          "bookmarkers": Object {
            "dennyliang": true,
          },
          "caption": "Quarantine selfie #corona",
          "comments": Array [
            Object {
              "comment": "Slay girllll!!!",
              "userImage": "https://images.unsplash.com/photo-1534528741775-53994a69daeb?ixlib=rb-1.2.1&ixid=eyJhcHBfaWQiOjEyMDd9&w=1000&q=80",
              "userName": "Model1234",
            },
          ],
          "commentsLength": 1,
          "date_posted": "10-10-2019",
          "img": "https://www.familyandmedia.eu/wp-content/uploads/2018/10/529382-4386816-selfie-psicologia-725x545.jpg",
          "isBookmarked": false,
          "isLiked": false,
          "likers": Object {
            "dennyliang": true,
          },
          "likes": 2,
          "post_id": 3,
          "saves": 0,
          "username": "bujarsefa",
        },
        Object {
          "bookmarkers": Object {
            "dennyliang": true,
          },
          "caption": "Quarantine selfie #corona",
          "comments": Array [
            Object {
              "comment": "Slay girllll!!!",
              "userImage": "https://images.unsplash.com/photo-1534528741775-53994a69daeb?ixlib=rb-1.2.1&ixid=eyJhcHBfaWQiOjEyMDd9&w=1000&q=80",
              "userName": "Model1234",
            },
          ],
          "commentsLength": 1,
          "date_posted": "10-10-2019",
          "img": "https://www.familyandmedia.eu/wp-content/uploads/2018/10/529382-4386816-selfie-psicologia-725x545.jpg",
          "isBookmarked": false,
          "isLiked": false,
          "likers": Object {
            "dennyliang": true,
          },
          "likes": 2,
          "post_id": 4,
          "saves": 0,
          "username": "bujarsefa",
        },
        Object {
          "bookmarkers": Object {
            "dennyliang": true,
          },
          "caption": "Quarantine selfie #corona",
          "comments": Array [
            Object {
              "comment": "Slay girllll!!!",
              "userImage": "https://images.unsplash.com/photo-1534528741775-53994a69daeb?ixlib=rb-1.2.1&ixid=eyJhcHBfaWQiOjEyMDd9&w=1000&q=80",
              "userName": "Model1234",
            },
          ],
          "commentsLength": 1,
          "date_posted": "10-10-2019",
          "img": "https://www.familyandmedia.eu/wp-content/uploads/2018/10/529382-4386816-selfie-psicologia-725x545.jpg",
          "isBookmarked": false,
          "isLiked": false,
          "likers": Object {
            "dennyliang": true,
          },
          "likes": 2,
          "post_id": 5,
          "saves": 0,
          "username": "bujarsefa",
        },
        Object {
          "bookmarkers": Object {
            "dennyliang": true,
          },
          "caption": "Quarantine selfie #corona",
          "comments": Array [
            Object {
              "comment": "Slay girllll!!!",
              "userImage": "https://images.unsplash.com/photo-1534528741775-53994a69daeb?ixlib=rb-1.2.1&ixid=eyJhcHBfaWQiOjEyMDd9&w=1000&q=80",
              "userName": "Model1234",
            },
          ],
          "commentsLength": 1,
          "date_posted": "10-10-2019",
          "img": "https://www.familyandmedia.eu/wp-content/uploads/2018/10/529382-4386816-selfie-psicologia-725x545.jpg",
          "isBookmarked": false,
          "isLiked": false,
          "likers": Object {
            "dennyliang": true,
          },
          "likes": 2,
          "post_id": 6,
          "saves": 0,
          "username": "bujarsefa",
        },
        Object {
          "bookmarkers": Object {
            "dennyliang": true,
          },
          "caption": "Quarantine selfie #corona",
          "comments": Array [
            Object {
              "comment": "Slay girllll!!!",
              "userImage": "https://images.unsplash.com/photo-1534528741775-53994a69daeb?ixlib=rb-1.2.1&ixid=eyJhcHBfaWQiOjEyMDd9&w=1000&q=80",
              "userName": "Model1234",
            },
          ],
          "commentsLength": 1,
          "date_posted": "10-10-2019",
          "img": "https://www.familyandmedia.eu/wp-content/uploads/2018/10/529382-4386816-selfie-psicologia-725x545.jpg",
          "isBookmarked": false,
          "isLiked": false,
          "likers": Object {
            "dennyliang": true,
          },
          "likes": 2,
          "post_id": 7,
          "saves": 0,
          "username": "bujarsefa",
        },
        Object {
          "bookmarkers": Object {
            "dennyliang": true,
          },
          "caption": "Quarantine selfie #corona",
          "comments": Array [
            Object {
              "comment": "Slay girllll!!!",
              "userImage": "https://images.unsplash.com/photo-1534528741775-53994a69daeb?ixlib=rb-1.2.1&ixid=eyJhcHBfaWQiOjEyMDd9&w=1000&q=80",
              "userName": "Model1234",
            },
          ],
          "commentsLength": 1,
          "date_posted": "10-10-2019",
          "img": "https://www.familyandmedia.eu/wp-content/uploads/2018/10/529382-4386816-selfie-psicologia-725x545.jpg",
          "isBookmarked": false,
          "isLiked": false,
          "likers": Object {
            "dennyliang": true,
          },
          "likes": 2,
          "post_id": 8,
          "saves": 0,
          "username": "bujarsefa",
        },
        Object {
          "bookmarkers": Object {
            "dennyliang": true,
          },
          "caption": "Quarantine selfie #corona",
          "comments": Array [
            Object {
              "comment": "Slay girllll!!!",
              "userImage": "https://images.unsplash.com/photo-1534528741775-53994a69daeb?ixlib=rb-1.2.1&ixid=eyJhcHBfaWQiOjEyMDd9&w=1000&q=80",
              "userName": "Model1234",
            },
          ],
          "commentsLength": 1,
          "date_posted": "10-10-2019",
          "img": "https://www.familyandmedia.eu/wp-content/uploads/2018/10/529382-4386816-selfie-psicologia-725x545.jpg",
          "isBookmarked": false,
          "isLiked": false,
          "likers": Object {
            "dennyliang": true,
          },
          "likes": 2,
          "post_id": 9,
          "saves": 0,
          "username": "bujarsefa",
        },
        Object {
          "bookmarkers": Object {
            "dennyliang": true,
          },
          "caption": "Quarantine selfie #corona",
          "comments": Array [
            Object {
              "comment": "Slay girllll!!!",
              "userImage": "https://images.unsplash.com/photo-1534528741775-53994a69daeb?ixlib=rb-1.2.1&ixid=eyJhcHBfaWQiOjEyMDd9&w=1000&q=80",
              "userName": "Model1234",
            },
          ],
          "commentsLength": 1,
          "date_posted": "10-10-2019",
          "img": "https://www.familyandmedia.eu/wp-content/uploads/2018/10/529382-4386816-selfie-psicologia-725x545.jpg",
          "isBookmarked": false,
          "isLiked": false,
          "likers": Object {
            "dennyliang": true,
          },
          "likes": 2,
          "post_id": 10,
          "saves": 0,
          "username": "bujarsefa",
        },
        Object {
          "bookmarkers": Object {
            "dennyliang": true,
          },
          "caption": "Quarantine selfie #corona",
          "comments": Array [
            Object {
              "comment": "Slay girllll!!!",
              "userImage": "https://images.unsplash.com/photo-1534528741775-53994a69daeb?ixlib=rb-1.2.1&ixid=eyJhcHBfaWQiOjEyMDd9&w=1000&q=80",
              "userName": "Model1234",
            },
          ],
          "commentsLength": 1,
          "date_posted": "10-10-2019",
          "img": "https://www.familyandmedia.eu/wp-content/uploads/2018/10/529382-4386816-selfie-psicologia-725x545.jpg",
          "isBookmarked": false,
          "isLiked": false,
          "likers": Object {
            "dennyliang": true,
          },
          "likes": 2,
          "post_id": 11,
          "saves": 0,
          "username": "bujarsefa",
        },
      ]
    }
    disableVirtualization={false}
    extraData="grid"
    getItem={[Function]}
    getItemCount={[Function]}
    horizontal={false}
    initialNumToRender={10}
    keyExtractor={[Function]}
    maxToRenderPerBatch={10}
    numColumns={3}
    onContentSizeChange={[Function]}
    onEndReachedThreshold={2}
    onLayout={[Function]}
    onMomentumScrollEnd={[Function]}
    onScroll={[Function]}
    onScrollBeginDrag={[Function]}
    onScrollEndDrag={[Function]}
    removeClippedSubviews={false}
    renderItem={[Function]}
    scrollEventThrottle={50}
    stickyHeaderIndices={Array []}
    updateCellsBatchingPeriod={50}
    viewabilityConfigCallbackPairs={Array []}
    windowSize={21}
  >
    <View>
      <View
        onLayout={[Function]}
        style={null}
      >
        <View
          style={
            Object {
              "flexDirection": "row",
            }
          }
        >
          <View
            accessible={true}
            focusable={true}
            isTVSelectable={true}
            onClick={[Function]}
            onResponderGrant={[Function]}
            onResponderMove={[Function]}
            onResponderRelease={[Function]}
            onResponderTerminate={[Function]}
            onResponderTerminationRequest={[Function]}
            onStartShouldSetResponder={[Function]}
            style={
              Object {
                "borderRadius": 5,
                "margin": 1,
                "opacity": 1,
                "overflow": "hidden",
                "width": "32.5%",
              }
            }
          >
            <Image
              source={
                Object {
                  "uri": "https://www.familyandmedia.eu/wp-content/uploads/2018/10/529382-4386816-selfie-psicologia-725x545.jpg",
                }
              }
              style={
                Object {
                  "aspectRatio": 1,
                  "width": "100%",
                }
              }
            />
          </View>
          <View
            accessible={true}
            focusable={true}
            isTVSelectable={true}
            onClick={[Function]}
            onResponderGrant={[Function]}
            onResponderMove={[Function]}
            onResponderRelease={[Function]}
            onResponderTerminate={[Function]}
            onResponderTerminationRequest={[Function]}
            onStartShouldSetResponder={[Function]}
            style={
              Object {
                "borderRadius": 5,
                "margin": 1,
                "opacity": 1,
                "overflow": "hidden",
                "width": "32.5%",
              }
            }
          >
            <Image
              source={
                Object {
                  "uri": "https://www.familyandmedia.eu/wp-content/uploads/2018/10/529382-4386816-selfie-psicologia-725x545.jpg",
                }
              }
              style={
                Object {
                  "aspectRatio": 1,
                  "width": "100%",
                }
              }
            />
          </View>
          <View
            accessible={true}
            focusable={true}
            isTVSelectable={true}
            onClick={[Function]}
            onResponderGrant={[Function]}
            onResponderMove={[Function]}
            onResponderRelease={[Function]}
            onResponderTerminate={[Function]}
            onResponderTerminationRequest={[Function]}
            onStartShouldSetResponder={[Function]}
            style={
              Object {
                "borderRadius": 5,
                "margin": 1,
                "opacity": 1,
                "overflow": "hidden",
                "width": "32.5%",
              }
            }
          >
            <Image
              source={
                Object {
                  "uri": "https://www.familyandmedia.eu/wp-content/uploads/2018/10/529382-4386816-selfie-psicologia-725x545.jpg",
                }
              }
              style={
                Object {
                  "aspectRatio": 1,
                  "width": "100%",
                }
              }
            />
          </View>
        </View>
      </View>
      <View
        onLayout={[Function]}
        style={null}
      >
        <View
          style={
            Object {
              "flexDirection": "row",
            }
          }
        >
          <View
            accessible={true}
            focusable={true}
            isTVSelectable={true}
            onClick={[Function]}
            onResponderGrant={[Function]}
            onResponderMove={[Function]}
            onResponderRelease={[Function]}
            onResponderTerminate={[Function]}
            onResponderTerminationRequest={[Function]}
            onStartShouldSetResponder={[Function]}
            style={
              Object {
                "borderRadius": 5,
                "margin": 1,
                "opacity": 1,
                "overflow": "hidden",
                "width": "32.5%",
              }
            }
          >
            <Image
              source={
                Object {
                  "uri": "https://www.familyandmedia.eu/wp-content/uploads/2018/10/529382-4386816-selfie-psicologia-725x545.jpg",
                }
              }
              style={
                Object {
                  "aspectRatio": 1,
                  "width": "100%",
                }
              }
            />
          </View>
          <View
            accessible={true}
            focusable={true}
            isTVSelectable={true}
            onClick={[Function]}
            onResponderGrant={[Function]}
            onResponderMove={[Function]}
            onResponderRelease={[Function]}
            onResponderTerminate={[Function]}
            onResponderTerminationRequest={[Function]}
            onStartShouldSetResponder={[Function]}
            style={
              Object {
                "borderRadius": 5,
                "margin": 1,
                "opacity": 1,
                "overflow": "hidden",
                "width": "32.5%",
              }
            }
          >
            <Image
              source={
                Object {
                  "uri": "https://www.familyandmedia.eu/wp-content/uploads/2018/10/529382-4386816-selfie-psicologia-725x545.jpg",
                }
              }
              style={
                Object {
                  "aspectRatio": 1,
                  "width": "100%",
                }
              }
            />
          </View>
          <View
            accessible={true}
            focusable={true}
            isTVSelectable={true}
            onClick={[Function]}
            onResponderGrant={[Function]}
            onResponderMove={[Function]}
            onResponderRelease={[Function]}
            onResponderTerminate={[Function]}
            onResponderTerminationRequest={[Function]}
            onStartShouldSetResponder={[Function]}
            style={
              Object {
                "borderRadius": 5,
                "margin": 1,
                "opacity": 1,
                "overflow": "hidden",
                "width": "32.5%",
              }
            }
          >
            <Image
              source={
                Object {
                  "uri": "https://www.familyandmedia.eu/wp-content/uploads/2018/10/529382-4386816-selfie-psicologia-725x545.jpg",
                }
              }
              style={
                Object {
                  "aspectRatio": 1,
                  "width": "100%",
                }
              }
            />
          </View>
        </View>
      </View>
      <View
        onLayout={[Function]}
        style={null}
      >
        <View
          style={
            Object {
              "flexDirection": "row",
            }
          }
        >
          <View
            accessible={true}
            focusable={true}
            isTVSelectable={true}
            onClick={[Function]}
            onResponderGrant={[Function]}
            onResponderMove={[Function]}
            onResponderRelease={[Function]}
            onResponderTerminate={[Function]}
            onResponderTerminationRequest={[Function]}
            onStartShouldSetResponder={[Function]}
            style={
              Object {
                "borderRadius": 5,
                "margin": 1,
                "opacity": 1,
                "overflow": "hidden",
                "width": "32.5%",
              }
            }
          >
            <Image
              source={
                Object {
                  "uri": "https://www.familyandmedia.eu/wp-content/uploads/2018/10/529382-4386816-selfie-psicologia-725x545.jpg",
                }
              }
              style={
                Object {
                  "aspectRatio": 1,
                  "width": "100%",
                }
              }
            />
          </View>
          <View
            accessible={true}
            focusable={true}
            isTVSelectable={true}
            onClick={[Function]}
            onResponderGrant={[Function]}
            onResponderMove={[Function]}
            onResponderRelease={[Function]}
            onResponderTerminate={[Function]}
            onResponderTerminationRequest={[Function]}
            onStartShouldSetResponder={[Function]}
            style={
              Object {
                "borderRadius": 5,
                "margin": 1,
                "opacity": 1,
                "overflow": "hidden",
                "width": "32.5%",
              }
            }
          >
            <Image
              source={
                Object {
                  "uri": "https://www.familyandmedia.eu/wp-content/uploads/2018/10/529382-4386816-selfie-psicologia-725x545.jpg",
                }
              }
              style={
                Object {
                  "aspectRatio": 1,
                  "width": "100%",
                }
              }
            />
          </View>
          <View
            accessible={true}
            focusable={true}
            isTVSelectable={true}
            onClick={[Function]}
            onResponderGrant={[Function]}
            onResponderMove={[Function]}
            onResponderRelease={[Function]}
            onResponderTerminate={[Function]}
            onResponderTerminationRequest={[Function]}
            onStartShouldSetResponder={[Function]}
            style={
              Object {
                "borderRadius": 5,
                "margin": 1,
                "opacity": 1,
                "overflow": "hidden",
                "width": "32.5%",
              }
            }
          >
            <Image
              source={
                Object {
                  "uri": "https://www.familyandmedia.eu/wp-content/uploads/2018/10/529382-4386816-selfie-psicologia-725x545.jpg",
                }
              }
              style={
                Object {
                  "aspectRatio": 1,
                  "width": "100%",
                }
              }
            />
          </View>
        </View>
      </View>
      <View
        onLayout={[Function]}
        style={null}
      >
        <View
          style={
            Object {
              "flexDirection": "row",
            }
          }
        >
          <View
            accessible={true}
            focusable={true}
            isTVSelectable={true}
            onClick={[Function]}
            onResponderGrant={[Function]}
            onResponderMove={[Function]}
            onResponderRelease={[Function]}
            onResponderTerminate={[Function]}
            onResponderTerminationRequest={[Function]}
            onStartShouldSetResponder={[Function]}
            style={
              Object {
                "borderRadius": 5,
                "margin": 1,
                "opacity": 1,
                "overflow": "hidden",
                "width": "32.5%",
              }
            }
          >
            <Image
              source={
                Object {
                  "uri": "https://www.familyandmedia.eu/wp-content/uploads/2018/10/529382-4386816-selfie-psicologia-725x545.jpg",
                }
              }
              style={
                Object {
                  "aspectRatio": 1,
                  "width": "100%",
                }
              }
            />
          </View>
          <View
            accessible={true}
            focusable={true}
            isTVSelectable={true}
            onClick={[Function]}
            onResponderGrant={[Function]}
            onResponderMove={[Function]}
            onResponderRelease={[Function]}
            onResponderTerminate={[Function]}
            onResponderTerminationRequest={[Function]}
            onStartShouldSetResponder={[Function]}
            style={
              Object {
                "borderRadius": 5,
                "margin": 1,
                "opacity": 1,
                "overflow": "hidden",
                "width": "32.5%",
              }
            }
          >
            <Image
              source={
                Object {
                  "uri": "https://www.familyandmedia.eu/wp-content/uploads/2018/10/529382-4386816-selfie-psicologia-725x545.jpg",
                }
              }
              style={
                Object {
                  "aspectRatio": 1,
                  "width": "100%",
                }
              }
            />
          </View>
        </View>
      </View>
    </View>
  </RCTScrollView>
</View>
`;
