// Jest Snapshot v1, https://goo.gl/fbAQLP

exports[`profile avarar snapshot test 1`] = `
<View
  style={
    Object {
      "alignItems": "center",
      "flexDirection": "row",
    }
  }
>
  <View
    style={
      Array [
        Object {
          "backgroundColor": "#6200ee",
          "borderRadius": 15,
          "height": 30,
          "width": 30,
        },
        undefined,
      ]
    }
  >
    <Image
      source={
        Object {
          "uri": undefined,
        }
      }
      style={
        Object {
          "borderRadius": 15,
          "height": 30,
          "width": 30,
        }
      }
    />
  </View>
  <Text
    style={
      Array [
        Object {
          "color": "#000000",
          "fontFamily": "System",
          "fontWeight": "400",
          "textAlign": "left",
        },
        Array [
          Object {
            "color": "rgba(0, 0, 0, 0.87)",
            "fontFamily": "System",
            "fontWeight": "500",
            "textAlign": "left",
            "writingDirection": "ltr",
          },
          Array [
            Object {
              "fontSize": 20,
              "letterSpacing": 0.15,
              "lineHeight": 30,
              "marginVertical": 2,
            },
            Object {
              "marginHorizontal": 10,
            },
          ],
          Array [
            Object {
              "fontSize": 20,
              "letterSpacing": 0.15,
              "lineHeight": 30,
              "marginVertical": 2,
            },
            Object {
              "marginHorizontal": 10,
            },
          ],
        ],
      ]
    }
  />
</View>
`;
